// Jest Snapshot v1, https://goo.gl/fbAQLP

exports[`Test Case For Application Table Snapshot 1`] = `
<ApplicationTable
  data={
    Array [
      Object {
        "app_id": 35387767,
        "app_type": Object {
          "name": "pubsub",
          "value": 1,
        },
        "created": 1622091704,
        "dates": Object {
          "bill_by_uuid": Object {
            "created": 1622091704,
            "modified": null,
          },
          "eh_skip_pub_func_exec_for_internal_chan_msg_enabled": Object {
            "created": 1622091704,
            "modified": null,
          },
          "multiplexing": Object {
            "created": 1622091703,
            "modified": null,
          },
          "name": Object {
            "created": 1622091703,
            "modified": null,
          },
          "realtime_analytics": Object {
            "created": 1622091703,
            "modified": 1626181312,
          },
          "realtime_analytics_channel": Object {
            "created": 1622091704,
            "modified": null,
          },
          "wildcardsubscribe": Object {
            "created": 1622091703,
            "modified": null,
          },
        },
        "expires": null,
        "id": 1042218,
        "modified": 1622091704,
        "product_id": 12,
        "properties": Object {
          "bill_by_uuid": 1,
          "eh_skip_pub_func_exec_for_internal_chan_msg_enabled": 1,
          "multiplexing": 1,
          "name": "deuteronomy Keyset",
          "realtime_analytics": 0,
          "realtime_analytics_channel": "DE7bD9bLAKSota30tPce",
          "wildcardsubscribe": 1,
        },
        "publish_key": "pub-c-f0639103-3343-448c-87fa-64dbe803a56b",
        "secret_key": "sec-c-MjlhYjhhZDItNjVkMi00OGY3LTkzN2UtNWMxMTU5MzVkZWEx",
        "status": 1,
        "subscribe_key": "sub-c-a18a4e86-bea8-11eb-aee1-fe487e55b6a4",
      },
    ]
  }
  handleRowClick={[MockFunction]}
  searchResult={
    Array [
      Object {
        "app_id": 35387767,
        "app_type": Object {
          "name": "pubsub",
          "value": 1,
        },
        "created": 1622091704,
        "dates": Object {
          "bill_by_uuid": Object {
            "created": 1622091704,
            "modified": null,
          },
          "eh_skip_pub_func_exec_for_internal_chan_msg_enabled": Object {
            "created": 1622091704,
            "modified": null,
          },
          "multiplexing": Object {
            "created": 1622091703,
            "modified": null,
          },
          "name": Object {
            "created": 1622091703,
            "modified": null,
          },
          "realtime_analytics": Object {
            "created": 1622091703,
            "modified": 1626181312,
          },
          "realtime_analytics_channel": Object {
            "created": 1622091704,
            "modified": null,
          },
          "wildcardsubscribe": Object {
            "created": 1622091703,
            "modified": null,
          },
        },
        "expires": null,
        "id": 1042218,
        "modified": 1622091704,
        "product_id": 12,
        "properties": Object {
          "bill_by_uuid": 1,
          "eh_skip_pub_func_exec_for_internal_chan_msg_enabled": 1,
          "multiplexing": 1,
          "name": "deuteronomy Keyset",
          "realtime_analytics": 0,
          "realtime_analytics_channel": "DE7bD9bLAKSota30tPce",
          "wildcardsubscribe": 1,
        },
        "publish_key": "pub-c-f0639103-3343-448c-87fa-64dbe803a56b",
        "secret_key": "sec-c-MjlhYjhhZDItNjVkMi00OGY3LTkzN2UtNWMxMTU5MzVkZWEx",
        "status": 1,
        "subscribe_key": "sub-c-a18a4e86-bea8-11eb-aee1-fe487e55b6a4",
      },
    ]
  }
>
  <ListingTable
    data={
      Array [
        Object {
          "app_id": 35387767,
          "app_type": Object {
            "name": "pubsub",
            "value": 1,
          },
          "created": 1622091704,
          "dates": Object {
            "bill_by_uuid": Object {
              "created": 1622091704,
              "modified": null,
            },
            "eh_skip_pub_func_exec_for_internal_chan_msg_enabled": Object {
              "created": 1622091704,
              "modified": null,
            },
            "multiplexing": Object {
              "created": 1622091703,
              "modified": null,
            },
            "name": Object {
              "created": 1622091703,
              "modified": null,
            },
            "realtime_analytics": Object {
              "created": 1622091703,
              "modified": 1626181312,
            },
            "realtime_analytics_channel": Object {
              "created": 1622091704,
              "modified": null,
            },
            "wildcardsubscribe": Object {
              "created": 1622091703,
              "modified": null,
            },
          },
          "expires": null,
          "id": 1042218,
          "modified": 1622091704,
          "product_id": 12,
          "properties": Object {
            "bill_by_uuid": 1,
            "eh_skip_pub_func_exec_for_internal_chan_msg_enabled": 1,
            "multiplexing": 1,
            "name": "deuteronomy Keyset",
            "realtime_analytics": 0,
            "realtime_analytics_channel": "DE7bD9bLAKSota30tPce",
            "wildcardsubscribe": 1,
          },
          "publish_key": "pub-c-f0639103-3343-448c-87fa-64dbe803a56b",
          "secret_key": "sec-c-MjlhYjhhZDItNjVkMi00OGY3LTkzN2UtNWMxMTU5MzVkZWEx",
          "status": 1,
          "subscribe_key": "sub-c-a18a4e86-bea8-11eb-aee1-fe487e55b6a4",
        },
      ]
    }
    handleRowClick={[Function]}
    headCells={
      Array [
        Object {
          "alignment": "left",
          "avatar": true,
          "id": "name",
          "label": "NAME",
        },
        Object {
          "alignment": "left",
          "id": "publish_key",
          "label": "PUBLISH KEY",
        },
        Object {
          "alignment": "left",
          "id": "subscribe_key",
          "label": "SUBSCRIBE KEY",
        },
        Object {
          "alignment": "left",
          "id": "created",
          "label": "CREATED ON",
        },
      ]
    }
    message="No data Found"
    number={0}
  >
    <div>
      <ListingPagination
        handleChangePage={[Function]}
        page={0}
        rowsPerPage={25}
        tableData={
          Array [
            Object {
              "app_id": 35387767,
              "app_type": Object {
                "name": "pubsub",
                "value": 1,
              },
              "created": 1622091704,
              "dates": Object {
                "bill_by_uuid": Object {
                  "created": 1622091704,
                  "modified": null,
                },
                "eh_skip_pub_func_exec_for_internal_chan_msg_enabled": Object {
                  "created": 1622091704,
                  "modified": null,
                },
                "multiplexing": Object {
                  "created": 1622091703,
                  "modified": null,
                },
                "name": Object {
                  "created": 1622091703,
                  "modified": null,
                },
                "realtime_analytics": Object {
                  "created": 1622091703,
                  "modified": 1626181312,
                },
                "realtime_analytics_channel": Object {
                  "created": 1622091704,
                  "modified": null,
                },
                "wildcardsubscribe": Object {
                  "created": 1622091703,
                  "modified": null,
                },
              },
              "expires": null,
              "id": 1042218,
              "modified": 1622091704,
              "product_id": 12,
              "properties": Object {
                "bill_by_uuid": 1,
                "eh_skip_pub_func_exec_for_internal_chan_msg_enabled": 1,
                "multiplexing": 1,
                "name": "deuteronomy Keyset",
                "realtime_analytics": 0,
                "realtime_analytics_channel": "DE7bD9bLAKSota30tPce",
                "wildcardsubscribe": 1,
              },
              "publish_key": "pub-c-f0639103-3343-448c-87fa-64dbe803a56b",
              "secret_key": "sec-c-MjlhYjhhZDItNjVkMi00OGY3LTkzN2UtNWMxMTU5MzVkZWEx",
              "status": 1,
              "subscribe_key": "sub-c-a18a4e86-bea8-11eb-aee1-fe487e55b6a4",
            },
          ]
        }
      >
        <WithStyles(ForwardRef(TablePagination))
          backIconButtonProps={
            Object {
              "color": "primary",
            }
          }
          className="makeStyles-tablePagination-12"
          component="div"
          count={1}
          labelDisplayedRows={[Function]}
          nextIconButtonProps={
            Object {
              "color": "primary",
            }
          }
          onChangePage={[Function]}
          page={0}
          rowsPerPage={25}
          rowsPerPageOptions={
            Array [
              25,
            ]
          }
        >
          <ForwardRef(TablePagination)
            backIconButtonProps={
              Object {
                "color": "primary",
              }
            }
            className="makeStyles-tablePagination-12"
            classes={
              Object {
                "actions": "MuiTablePagination-actions",
                "caption": "MuiTablePagination-caption",
                "input": "MuiTablePagination-input",
                "menuItem": "MuiTablePagination-menuItem",
                "root": "MuiTablePagination-root",
                "select": "MuiTablePagination-select",
                "selectIcon": "MuiTablePagination-selectIcon",
                "selectRoot": "MuiTablePagination-selectRoot",
                "spacer": "MuiTablePagination-spacer",
                "toolbar": "MuiTablePagination-toolbar",
              }
            }
            component="div"
            count={1}
            labelDisplayedRows={[Function]}
            nextIconButtonProps={
              Object {
                "color": "primary",
              }
            }
            onChangePage={[Function]}
            page={0}
            rowsPerPage={25}
            rowsPerPageOptions={
              Array [
                25,
              ]
            }
          >
            <div
              className="MuiTablePagination-root makeStyles-tablePagination-12"
            >
              <WithStyles(ForwardRef(Toolbar))
                className="MuiTablePagination-toolbar"
              >
                <ForwardRef(Toolbar)
                  className="MuiTablePagination-toolbar"
                  classes={
                    Object {
                      "dense": "MuiToolbar-dense",
                      "gutters": "MuiToolbar-gutters",
                      "regular": "MuiToolbar-regular",
                      "root": "MuiToolbar-root",
                    }
                  }
                >
                  <div
                    className="MuiToolbar-root MuiToolbar-regular MuiTablePagination-toolbar MuiToolbar-gutters"
                  >
                    <div
                      className="MuiTablePagination-spacer"
                    />
                    <WithStyles(ForwardRef(Typography))
                      className="MuiTablePagination-caption"
                      color="inherit"
                      variant="body2"
                    >
                      <ForwardRef(Typography)
                        className="MuiTablePagination-caption"
                        classes={
                          Object {
                            "alignCenter": "MuiTypography-alignCenter",
                            "alignJustify": "MuiTypography-alignJustify",
                            "alignLeft": "MuiTypography-alignLeft",
                            "alignRight": "MuiTypography-alignRight",
                            "body1": "MuiTypography-body1",
                            "body2": "MuiTypography-body2",
                            "button": "MuiTypography-button",
                            "caption": "MuiTypography-caption",
                            "colorError": "MuiTypography-colorError",
                            "colorInherit": "MuiTypography-colorInherit",
                            "colorPrimary": "MuiTypography-colorPrimary",
                            "colorSecondary": "MuiTypography-colorSecondary",
                            "colorTextPrimary": "MuiTypography-colorTextPrimary",
                            "colorTextSecondary": "MuiTypography-colorTextSecondary",
                            "displayBlock": "MuiTypography-displayBlock",
                            "displayInline": "MuiTypography-displayInline",
                            "gutterBottom": "MuiTypography-gutterBottom",
                            "h1": "MuiTypography-h1",
                            "h2": "MuiTypography-h2",
                            "h3": "MuiTypography-h3",
                            "h4": "MuiTypography-h4",
                            "h5": "MuiTypography-h5",
                            "h6": "MuiTypography-h6",
                            "noWrap": "MuiTypography-noWrap",
                            "overline": "MuiTypography-overline",
                            "paragraph": "MuiTypography-paragraph",
                            "root": "MuiTypography-root",
                            "srOnly": "MuiTypography-srOnly",
                            "subtitle1": "MuiTypography-subtitle1",
                            "subtitle2": "MuiTypography-subtitle2",
                          }
                        }
                        color="inherit"
                        variant="body2"
                      >
                        <p
                          className="MuiTypography-root MuiTablePagination-caption MuiTypography-body2 MuiTypography-colorInherit"
                        >
                          1-1 of 1
                        </p>
                      </ForwardRef(Typography)>
                    </WithStyles(ForwardRef(Typography))>
                    <ForwardRef(TablePaginationActions)
                      backIconButtonProps={
                        Object {
                          "aria-label": "Previous page",
                          "color": "primary",
                          "title": "Previous page",
                        }
                      }
                      className="MuiTablePagination-actions"
                      count={1}
                      nextIconButtonProps={
                        Object {
                          "aria-label": "Next page",
                          "color": "primary",
                          "title": "Next page",
                        }
                      }
                      onChangePage={[Function]}
                      page={0}
                      rowsPerPage={25}
                    >
                      <div
                        className="MuiTablePagination-actions"
                      >
                        <WithStyles(ForwardRef(IconButton))
                          aria-label="Previous page"
                          color="primary"
                          disabled={true}
                          onClick={[Function]}
                          title="Previous page"
                        >
                          <ForwardRef(IconButton)
                            aria-label="Previous page"
                            classes={
                              Object {
                                "colorInherit": "MuiIconButton-colorInherit",
                                "colorPrimary": "MuiIconButton-colorPrimary",
                                "colorSecondary": "MuiIconButton-colorSecondary",
                                "disabled": "Mui-disabled",
                                "edgeEnd": "MuiIconButton-edgeEnd",
                                "edgeStart": "MuiIconButton-edgeStart",
                                "label": "MuiIconButton-label",
                                "root": "MuiIconButton-root",
                                "sizeSmall": "MuiIconButton-sizeSmall",
                              }
                            }
                            color="primary"
                            disabled={true}
                            onClick={[Function]}
                            title="Previous page"
                          >
                            <WithStyles(ForwardRef(ButtonBase))
                              aria-label="Previous page"
                              centerRipple={true}
                              className="MuiIconButton-root MuiIconButton-colorPrimary Mui-disabled"
                              disabled={true}
                              focusRipple={true}
                              onClick={[Function]}
                              title="Previous page"
                            >
                              <ForwardRef(ButtonBase)
                                aria-label="Previous page"
                                centerRipple={true}
                                className="MuiIconButton-root MuiIconButton-colorPrimary Mui-disabled"
                                classes={
                                  Object {
                                    "disabled": "Mui-disabled",
                                    "focusVisible": "Mui-focusVisible",
                                    "root": "MuiButtonBase-root",
                                  }
                                }
                                disabled={true}
                                focusRipple={true}
                                onClick={[Function]}
                                title="Previous page"
                              >
                                <button
                                  aria-label="Previous page"
                                  className="MuiButtonBase-root MuiIconButton-root MuiIconButton-colorPrimary Mui-disabled Mui-disabled"
                                  disabled={true}
                                  onBlur={[Function]}
                                  onClick={[Function]}
                                  onDragLeave={[Function]}
                                  onFocus={[Function]}
                                  onKeyDown={[Function]}
                                  onKeyUp={[Function]}
                                  onMouseDown={[Function]}
                                  onMouseLeave={[Function]}
                                  onMouseUp={[Function]}
                                  onTouchEnd={[Function]}
                                  onTouchMove={[Function]}
                                  onTouchStart={[Function]}
                                  tabIndex={-1}
                                  title="Previous page"
                                  type="button"
                                >
                                  <span
                                    className="MuiIconButton-label"
                                  >
                                    <ForwardRef(KeyboardArrowLeftIcon)>
                                      <WithStyles(ForwardRef(SvgIcon))>
                                        <ForwardRef(SvgIcon)
                                          classes={
                                            Object {
                                              "colorAction": "MuiSvgIcon-colorAction",
                                              "colorDisabled": "MuiSvgIcon-colorDisabled",
                                              "colorError": "MuiSvgIcon-colorError",
                                              "colorPrimary": "MuiSvgIcon-colorPrimary",
                                              "colorSecondary": "MuiSvgIcon-colorSecondary",
                                              "fontSizeInherit": "MuiSvgIcon-fontSizeInherit",
                                              "fontSizeLarge": "MuiSvgIcon-fontSizeLarge",
                                              "fontSizeSmall": "MuiSvgIcon-fontSizeSmall",
                                              "root": "MuiSvgIcon-root",
                                            }
                                          }
                                        >
                                          <svg
                                            aria-hidden={true}
                                            className="MuiSvgIcon-root"
                                            focusable="false"
                                            viewBox="0 0 24 24"
                                          >
                                            <path
                                              d="M15.41 16.09l-4.58-4.59 4.58-4.59L14 5.5l-6 6 6 6z"
                                            />
                                          </svg>
                                        </ForwardRef(SvgIcon)>
                                      </WithStyles(ForwardRef(SvgIcon))>
                                    </ForwardRef(KeyboardArrowLeftIcon)>
                                  </span>
                                </button>
                              </ForwardRef(ButtonBase)>
                            </WithStyles(ForwardRef(ButtonBase))>
                          </ForwardRef(IconButton)>
                        </WithStyles(ForwardRef(IconButton))>
                        <WithStyles(ForwardRef(IconButton))
                          aria-label="Next page"
                          color="primary"
                          disabled={true}
                          onClick={[Function]}
                          title="Next page"
                        >
                          <ForwardRef(IconButton)
                            aria-label="Next page"
                            classes={
                              Object {
                                "colorInherit": "MuiIconButton-colorInherit",
                                "colorPrimary": "MuiIconButton-colorPrimary",
                                "colorSecondary": "MuiIconButton-colorSecondary",
                                "disabled": "Mui-disabled",
                                "edgeEnd": "MuiIconButton-edgeEnd",
                                "edgeStart": "MuiIconButton-edgeStart",
                                "label": "MuiIconButton-label",
                                "root": "MuiIconButton-root",
                                "sizeSmall": "MuiIconButton-sizeSmall",
                              }
                            }
                            color="primary"
                            disabled={true}
                            onClick={[Function]}
                            title="Next page"
                          >
                            <WithStyles(ForwardRef(ButtonBase))
                              aria-label="Next page"
                              centerRipple={true}
                              className="MuiIconButton-root MuiIconButton-colorPrimary Mui-disabled"
                              disabled={true}
                              focusRipple={true}
                              onClick={[Function]}
                              title="Next page"
                            >
                              <ForwardRef(ButtonBase)
                                aria-label="Next page"
                                centerRipple={true}
                                className="MuiIconButton-root MuiIconButton-colorPrimary Mui-disabled"
                                classes={
                                  Object {
                                    "disabled": "Mui-disabled",
                                    "focusVisible": "Mui-focusVisible",
                                    "root": "MuiButtonBase-root",
                                  }
                                }
                                disabled={true}
                                focusRipple={true}
                                onClick={[Function]}
                                title="Next page"
                              >
                                <button
                                  aria-label="Next page"
                                  className="MuiButtonBase-root MuiIconButton-root MuiIconButton-colorPrimary Mui-disabled Mui-disabled"
                                  disabled={true}
                                  onBlur={[Function]}
                                  onClick={[Function]}
                                  onDragLeave={[Function]}
                                  onFocus={[Function]}
                                  onKeyDown={[Function]}
                                  onKeyUp={[Function]}
                                  onMouseDown={[Function]}
                                  onMouseLeave={[Function]}
                                  onMouseUp={[Function]}
                                  onTouchEnd={[Function]}
                                  onTouchMove={[Function]}
                                  onTouchStart={[Function]}
                                  tabIndex={-1}
                                  title="Next page"
                                  type="button"
                                >
                                  <span
                                    className="MuiIconButton-label"
                                  >
                                    <ForwardRef(KeyboardArrowRightIcon)>
                                      <WithStyles(ForwardRef(SvgIcon))>
                                        <ForwardRef(SvgIcon)
                                          classes={
                                            Object {
                                              "colorAction": "MuiSvgIcon-colorAction",
                                              "colorDisabled": "MuiSvgIcon-colorDisabled",
                                              "colorError": "MuiSvgIcon-colorError",
                                              "colorPrimary": "MuiSvgIcon-colorPrimary",
                                              "colorSecondary": "MuiSvgIcon-colorSecondary",
                                              "fontSizeInherit": "MuiSvgIcon-fontSizeInherit",
                                              "fontSizeLarge": "MuiSvgIcon-fontSizeLarge",
                                              "fontSizeSmall": "MuiSvgIcon-fontSizeSmall",
                                              "root": "MuiSvgIcon-root",
                                            }
                                          }
                                        >
                                          <svg
                                            aria-hidden={true}
                                            className="MuiSvgIcon-root"
                                            focusable="false"
                                            viewBox="0 0 24 24"
                                          >
                                            <path
                                              d="M8.59 16.34l4.58-4.59-4.58-4.59L10 5.75l6 6-6 6z"
                                            />
                                          </svg>
                                        </ForwardRef(SvgIcon)>
                                      </WithStyles(ForwardRef(SvgIcon))>
                                    </ForwardRef(KeyboardArrowRightIcon)>
                                  </span>
                                </button>
                              </ForwardRef(ButtonBase)>
                            </WithStyles(ForwardRef(ButtonBase))>
                          </ForwardRef(IconButton)>
                        </WithStyles(ForwardRef(IconButton))>
                      </div>
                    </ForwardRef(TablePaginationActions)>
                  </div>
                </ForwardRef(Toolbar)>
              </WithStyles(ForwardRef(Toolbar))>
            </div>
          </ForwardRef(TablePagination)>
        </WithStyles(ForwardRef(TablePagination))>
      </ListingPagination>
      <WithStyles(ForwardRef(TableContainer))>
        <ForwardRef(TableContainer)
          classes={
            Object {
              "root": "MuiTableContainer-root",
            }
          }
        >
          <div
            className="MuiTableContainer-root"
          >
            <WithStyles(ForwardRef(Table))
              aria-label="enhanced table"
              aria-labelledby="tableTitle"
              className="makeStyles-table-9"
              size="medium"
            >
              <ForwardRef(Table)
                aria-label="enhanced table"
                aria-labelledby="tableTitle"
                className="makeStyles-table-9"
                classes={
                  Object {
                    "root": "MuiTable-root",
                    "stickyHeader": "MuiTable-stickyHeader",
                  }
                }
                size="medium"
              >
                <table
                  aria-label="enhanced table"
                  aria-labelledby="tableTitle"
                  className="MuiTable-root makeStyles-table-9"
                  role={null}
                >
                  <EnhancedTableHead
                    headOrder="asc"
                    headOrderBy=""
                    onRequestSort={[Function]}
                    rowCount={1}
                  >
                    <WithStyles(ForwardRef(TableHead))
                      className="makeStyles-tablehead-3"
                    >
                      <ForwardRef(TableHead)
                        className="makeStyles-tablehead-3"
                        classes={
                          Object {
                            "root": "MuiTableHead-root",
                          }
                        }
                      >
                        <thead
                          className="MuiTableHead-root makeStyles-tablehead-3"
                          role={null}
                        >
                          <WithStyles(ForwardRef(TableRow))>
                            <ForwardRef(TableRow)
                              classes={
                                Object {
                                  "footer": "MuiTableRow-footer",
                                  "head": "MuiTableRow-head",
                                  "hover": "MuiTableRow-hover",
                                  "root": "MuiTableRow-root",
                                  "selected": "Mui-selected",
                                }
                              }
                            >
                              <tr
                                className="MuiTableRow-root MuiTableRow-head"
                                role={null}
                              >
                                <WithStyles(ForwardRef(TableCell))
                                  align="left"
                                  key="name"
                                  padding="default"
                                  sortDirection={false}
                                >
                                  <ForwardRef(TableCell)
                                    align="left"
                                    classes={
                                      Object {
                                        "alignCenter": "MuiTableCell-alignCenter",
                                        "alignJustify": "MuiTableCell-alignJustify",
                                        "alignLeft": "MuiTableCell-alignLeft",
                                        "alignRight": "MuiTableCell-alignRight",
                                        "body": "MuiTableCell-body",
                                        "footer": "MuiTableCell-footer",
                                        "head": "MuiTableCell-head",
                                        "paddingCheckbox": "MuiTableCell-paddingCheckbox",
                                        "paddingNone": "MuiTableCell-paddingNone",
                                        "root": "MuiTableCell-root",
                                        "sizeSmall": "MuiTableCell-sizeSmall",
                                        "stickyHeader": "MuiTableCell-stickyHeader",
                                      }
                                    }
                                    padding="default"
                                    sortDirection={false}
                                  >
                                    <th
                                      aria-sort={null}
                                      className="MuiTableCell-root MuiTableCell-head MuiTableCell-alignLeft"
                                      scope="col"
                                    >
                                      <WithStyles(ForwardRef(TableSortLabel))
                                        active={false}
                                        className="makeStyles-headLabel-4"
                                        direction="asc"
                                        onClick={[Function]}
                                      >
                                        <ForwardRef(TableSortLabel)
                                          active={false}
                                          className="makeStyles-headLabel-4"
                                          classes={
                                            Object {
                                              "active": "MuiTableSortLabel-active",
                                              "icon": "MuiTableSortLabel-icon",
                                              "iconDirectionAsc": "MuiTableSortLabel-iconDirectionAsc",
                                              "iconDirectionDesc": "MuiTableSortLabel-iconDirectionDesc",
                                              "root": "MuiTableSortLabel-root",
                                            }
                                          }
                                          direction="asc"
                                          onClick={[Function]}
                                        >
                                          <WithStyles(ForwardRef(ButtonBase))
                                            className="MuiTableSortLabel-root makeStyles-headLabel-4"
                                            component="span"
                                            disableRipple={true}
                                            onClick={[Function]}
                                          >
                                            <ForwardRef(ButtonBase)
                                              className="MuiTableSortLabel-root makeStyles-headLabel-4"
                                              classes={
                                                Object {
                                                  "disabled": "Mui-disabled",
                                                  "focusVisible": "Mui-focusVisible",
                                                  "root": "MuiButtonBase-root",
                                                }
                                              }
                                              component="span"
                                              disableRipple={true}
                                              onClick={[Function]}
                                            >
                                              <span
                                                aria-disabled={false}
                                                className="MuiButtonBase-root MuiTableSortLabel-root makeStyles-headLabel-4"
                                                onBlur={[Function]}
                                                onClick={[Function]}
                                                onDragLeave={[Function]}
                                                onFocus={[Function]}
                                                onKeyDown={[Function]}
                                                onKeyUp={[Function]}
                                                onMouseDown={[Function]}
                                                onMouseLeave={[Function]}
                                                onMouseUp={[Function]}
                                                onTouchEnd={[Function]}
                                                onTouchMove={[Function]}
                                                onTouchStart={[Function]}
                                                role="button"
                                                tabIndex={0}
                                              >
                                                NAME
                                                <ForwardRef(ArrowDownwardIcon)
                                                  className="MuiTableSortLabel-icon MuiTableSortLabel-iconDirectionAsc"
                                                >
                                                  <WithStyles(ForwardRef(SvgIcon))
                                                    className="MuiTableSortLabel-icon MuiTableSortLabel-iconDirectionAsc"
                                                  >
                                                    <ForwardRef(SvgIcon)
                                                      className="MuiTableSortLabel-icon MuiTableSortLabel-iconDirectionAsc"
                                                      classes={
                                                        Object {
                                                          "colorAction": "MuiSvgIcon-colorAction",
                                                          "colorDisabled": "MuiSvgIcon-colorDisabled",
                                                          "colorError": "MuiSvgIcon-colorError",
                                                          "colorPrimary": "MuiSvgIcon-colorPrimary",
                                                          "colorSecondary": "MuiSvgIcon-colorSecondary",
                                                          "fontSizeInherit": "MuiSvgIcon-fontSizeInherit",
                                                          "fontSizeLarge": "MuiSvgIcon-fontSizeLarge",
                                                          "fontSizeSmall": "MuiSvgIcon-fontSizeSmall",
                                                          "root": "MuiSvgIcon-root",
                                                        }
                                                      }
                                                    >
                                                      <svg
                                                        aria-hidden={true}
                                                        className="MuiSvgIcon-root MuiTableSortLabel-icon MuiTableSortLabel-iconDirectionAsc"
                                                        focusable="false"
                                                        viewBox="0 0 24 24"
                                                      >
                                                        <path
                                                          d="M20 12l-1.41-1.41L13 16.17V4h-2v12.17l-5.58-5.59L4 12l8 8 8-8z"
                                                        />
                                                      </svg>
                                                    </ForwardRef(SvgIcon)>
                                                  </WithStyles(ForwardRef(SvgIcon))>
                                                </ForwardRef(ArrowDownwardIcon)>
                                              </span>
                                            </ForwardRef(ButtonBase)>
                                          </WithStyles(ForwardRef(ButtonBase))>
                                        </ForwardRef(TableSortLabel)>
                                      </WithStyles(ForwardRef(TableSortLabel))>
                                    </th>
                                  </ForwardRef(TableCell)>
                                </WithStyles(ForwardRef(TableCell))>
                                <WithStyles(ForwardRef(TableCell))
                                  align="left"
                                  key="publish_key"
                                  padding="default"
                                  sortDirection={false}
                                >
                                  <ForwardRef(TableCell)
                                    align="left"
                                    classes={
                                      Object {
                                        "alignCenter": "MuiTableCell-alignCenter",
                                        "alignJustify": "MuiTableCell-alignJustify",
                                        "alignLeft": "MuiTableCell-alignLeft",
                                        "alignRight": "MuiTableCell-alignRight",
                                        "body": "MuiTableCell-body",
                                        "footer": "MuiTableCell-footer",
                                        "head": "MuiTableCell-head",
                                        "paddingCheckbox": "MuiTableCell-paddingCheckbox",
                                        "paddingNone": "MuiTableCell-paddingNone",
                                        "root": "MuiTableCell-root",
                                        "sizeSmall": "MuiTableCell-sizeSmall",
                                        "stickyHeader": "MuiTableCell-stickyHeader",
                                      }
                                    }
                                    padding="default"
                                    sortDirection={false}
                                  >
                                    <th
                                      aria-sort={null}
                                      className="MuiTableCell-root MuiTableCell-head MuiTableCell-alignLeft"
                                      scope="col"
                                    >
                                      <WithStyles(ForwardRef(TableSortLabel))
                                        active={false}
                                        className="makeStyles-headLabel-4"
                                        direction="asc"
                                        onClick={[Function]}
                                      >
                                        <ForwardRef(TableSortLabel)
                                          active={false}
                                          className="makeStyles-headLabel-4"
                                          classes={
                                            Object {
                                              "active": "MuiTableSortLabel-active",
                                              "icon": "MuiTableSortLabel-icon",
                                              "iconDirectionAsc": "MuiTableSortLabel-iconDirectionAsc",
                                              "iconDirectionDesc": "MuiTableSortLabel-iconDirectionDesc",
                                              "root": "MuiTableSortLabel-root",
                                            }
                                          }
                                          direction="asc"
                                          onClick={[Function]}
                                        >
                                          <WithStyles(ForwardRef(ButtonBase))
                                            className="MuiTableSortLabel-root makeStyles-headLabel-4"
                                            component="span"
                                            disableRipple={true}
                                            onClick={[Function]}
                                          >
                                            <ForwardRef(ButtonBase)
                                              className="MuiTableSortLabel-root makeStyles-headLabel-4"
                                              classes={
                                                Object {
                                                  "disabled": "Mui-disabled",
                                                  "focusVisible": "Mui-focusVisible",
                                                  "root": "MuiButtonBase-root",
                                                }
                                              }
                                              component="span"
                                              disableRipple={true}
                                              onClick={[Function]}
                                            >
                                              <span
                                                aria-disabled={false}
                                                className="MuiButtonBase-root MuiTableSortLabel-root makeStyles-headLabel-4"
                                                onBlur={[Function]}
                                                onClick={[Function]}
                                                onDragLeave={[Function]}
                                                onFocus={[Function]}
                                                onKeyDown={[Function]}
                                                onKeyUp={[Function]}
                                                onMouseDown={[Function]}
                                                onMouseLeave={[Function]}
                                                onMouseUp={[Function]}
                                                onTouchEnd={[Function]}
                                                onTouchMove={[Function]}
                                                onTouchStart={[Function]}
                                                role="button"
                                                tabIndex={0}
                                              >
                                                PUBLISH KEY
                                                <ForwardRef(ArrowDownwardIcon)
                                                  className="MuiTableSortLabel-icon MuiTableSortLabel-iconDirectionAsc"
                                                >
                                                  <WithStyles(ForwardRef(SvgIcon))
                                                    className="MuiTableSortLabel-icon MuiTableSortLabel-iconDirectionAsc"
                                                  >
                                                    <ForwardRef(SvgIcon)
                                                      className="MuiTableSortLabel-icon MuiTableSortLabel-iconDirectionAsc"
                                                      classes={
                                                        Object {
                                                          "colorAction": "MuiSvgIcon-colorAction",
                                                          "colorDisabled": "MuiSvgIcon-colorDisabled",
                                                          "colorError": "MuiSvgIcon-colorError",
                                                          "colorPrimary": "MuiSvgIcon-colorPrimary",
                                                          "colorSecondary": "MuiSvgIcon-colorSecondary",
                                                          "fontSizeInherit": "MuiSvgIcon-fontSizeInherit",
                                                          "fontSizeLarge": "MuiSvgIcon-fontSizeLarge",
                                                          "fontSizeSmall": "MuiSvgIcon-fontSizeSmall",
                                                          "root": "MuiSvgIcon-root",
                                                        }
                                                      }
                                                    >
                                                      <svg
                                                        aria-hidden={true}
                                                        className="MuiSvgIcon-root MuiTableSortLabel-icon MuiTableSortLabel-iconDirectionAsc"
                                                        focusable="false"
                                                        viewBox="0 0 24 24"
                                                      >
                                                        <path
                                                          d="M20 12l-1.41-1.41L13 16.17V4h-2v12.17l-5.58-5.59L4 12l8 8 8-8z"
                                                        />
                                                      </svg>
                                                    </ForwardRef(SvgIcon)>
                                                  </WithStyles(ForwardRef(SvgIcon))>
                                                </ForwardRef(ArrowDownwardIcon)>
                                              </span>
                                            </ForwardRef(ButtonBase)>
                                          </WithStyles(ForwardRef(ButtonBase))>
                                        </ForwardRef(TableSortLabel)>
                                      </WithStyles(ForwardRef(TableSortLabel))>
                                    </th>
                                  </ForwardRef(TableCell)>
                                </WithStyles(ForwardRef(TableCell))>
                                <WithStyles(ForwardRef(TableCell))
                                  align="left"
                                  key="subscribe_key"
                                  padding="default"
                                  sortDirection={false}
                                >
                                  <ForwardRef(TableCell)
                                    align="left"
                                    classes={
                                      Object {
                                        "alignCenter": "MuiTableCell-alignCenter",
                                        "alignJustify": "MuiTableCell-alignJustify",
                                        "alignLeft": "MuiTableCell-alignLeft",
                                        "alignRight": "MuiTableCell-alignRight",
                                        "body": "MuiTableCell-body",
                                        "footer": "MuiTableCell-footer",
                                        "head": "MuiTableCell-head",
                                        "paddingCheckbox": "MuiTableCell-paddingCheckbox",
                                        "paddingNone": "MuiTableCell-paddingNone",
                                        "root": "MuiTableCell-root",
                                        "sizeSmall": "MuiTableCell-sizeSmall",
                                        "stickyHeader": "MuiTableCell-stickyHeader",
                                      }
                                    }
                                    padding="default"
                                    sortDirection={false}
                                  >
                                    <th
                                      aria-sort={null}
                                      className="MuiTableCell-root MuiTableCell-head MuiTableCell-alignLeft"
                                      scope="col"
                                    >
                                      <WithStyles(ForwardRef(TableSortLabel))
                                        active={false}
                                        className="makeStyles-headLabel-4"
                                        direction="asc"
                                        onClick={[Function]}
                                      >
                                        <ForwardRef(TableSortLabel)
                                          active={false}
                                          className="makeStyles-headLabel-4"
                                          classes={
                                            Object {
                                              "active": "MuiTableSortLabel-active",
                                              "icon": "MuiTableSortLabel-icon",
                                              "iconDirectionAsc": "MuiTableSortLabel-iconDirectionAsc",
                                              "iconDirectionDesc": "MuiTableSortLabel-iconDirectionDesc",
                                              "root": "MuiTableSortLabel-root",
                                            }
                                          }
                                          direction="asc"
                                          onClick={[Function]}
                                        >
                                          <WithStyles(ForwardRef(ButtonBase))
                                            className="MuiTableSortLabel-root makeStyles-headLabel-4"
                                            component="span"
                                            disableRipple={true}
                                            onClick={[Function]}
                                          >
                                            <ForwardRef(ButtonBase)
                                              className="MuiTableSortLabel-root makeStyles-headLabel-4"
                                              classes={
                                                Object {
                                                  "disabled": "Mui-disabled",
                                                  "focusVisible": "Mui-focusVisible",
                                                  "root": "MuiButtonBase-root",
                                                }
                                              }
                                              component="span"
                                              disableRipple={true}
                                              onClick={[Function]}
                                            >
                                              <span
                                                aria-disabled={false}
                                                className="MuiButtonBase-root MuiTableSortLabel-root makeStyles-headLabel-4"
                                                onBlur={[Function]}
                                                onClick={[Function]}
                                                onDragLeave={[Function]}
                                                onFocus={[Function]}
                                                onKeyDown={[Function]}
                                                onKeyUp={[Function]}
                                                onMouseDown={[Function]}
                                                onMouseLeave={[Function]}
                                                onMouseUp={[Function]}
                                                onTouchEnd={[Function]}
                                                onTouchMove={[Function]}
                                                onTouchStart={[Function]}
                                                role="button"
                                                tabIndex={0}
                                              >
                                                SUBSCRIBE KEY
                                                <ForwardRef(ArrowDownwardIcon)
                                                  className="MuiTableSortLabel-icon MuiTableSortLabel-iconDirectionAsc"
                                                >
                                                  <WithStyles(ForwardRef(SvgIcon))
                                                    className="MuiTableSortLabel-icon MuiTableSortLabel-iconDirectionAsc"
                                                  >
                                                    <ForwardRef(SvgIcon)
                                                      className="MuiTableSortLabel-icon MuiTableSortLabel-iconDirectionAsc"
                                                      classes={
                                                        Object {
                                                          "colorAction": "MuiSvgIcon-colorAction",
                                                          "colorDisabled": "MuiSvgIcon-colorDisabled",
                                                          "colorError": "MuiSvgIcon-colorError",
                                                          "colorPrimary": "MuiSvgIcon-colorPrimary",
                                                          "colorSecondary": "MuiSvgIcon-colorSecondary",
                                                          "fontSizeInherit": "MuiSvgIcon-fontSizeInherit",
                                                          "fontSizeLarge": "MuiSvgIcon-fontSizeLarge",
                                                          "fontSizeSmall": "MuiSvgIcon-fontSizeSmall",
                                                          "root": "MuiSvgIcon-root",
                                                        }
                                                      }
                                                    >
                                                      <svg
                                                        aria-hidden={true}
                                                        className="MuiSvgIcon-root MuiTableSortLabel-icon MuiTableSortLabel-iconDirectionAsc"
                                                        focusable="false"
                                                        viewBox="0 0 24 24"
                                                      >
                                                        <path
                                                          d="M20 12l-1.41-1.41L13 16.17V4h-2v12.17l-5.58-5.59L4 12l8 8 8-8z"
                                                        />
                                                      </svg>
                                                    </ForwardRef(SvgIcon)>
                                                  </WithStyles(ForwardRef(SvgIcon))>
                                                </ForwardRef(ArrowDownwardIcon)>
                                              </span>
                                            </ForwardRef(ButtonBase)>
                                          </WithStyles(ForwardRef(ButtonBase))>
                                        </ForwardRef(TableSortLabel)>
                                      </WithStyles(ForwardRef(TableSortLabel))>
                                    </th>
                                  </ForwardRef(TableCell)>
                                </WithStyles(ForwardRef(TableCell))>
                                <WithStyles(ForwardRef(TableCell))
                                  align="left"
                                  key="created"
                                  padding="default"
                                  sortDirection={false}
                                >
                                  <ForwardRef(TableCell)
                                    align="left"
                                    classes={
                                      Object {
                                        "alignCenter": "MuiTableCell-alignCenter",
                                        "alignJustify": "MuiTableCell-alignJustify",
                                        "alignLeft": "MuiTableCell-alignLeft",
                                        "alignRight": "MuiTableCell-alignRight",
                                        "body": "MuiTableCell-body",
                                        "footer": "MuiTableCell-footer",
                                        "head": "MuiTableCell-head",
                                        "paddingCheckbox": "MuiTableCell-paddingCheckbox",
                                        "paddingNone": "MuiTableCell-paddingNone",
                                        "root": "MuiTableCell-root",
                                        "sizeSmall": "MuiTableCell-sizeSmall",
                                        "stickyHeader": "MuiTableCell-stickyHeader",
                                      }
                                    }
                                    padding="default"
                                    sortDirection={false}
                                  >
                                    <th
                                      aria-sort={null}
                                      className="MuiTableCell-root MuiTableCell-head MuiTableCell-alignLeft"
                                      scope="col"
                                    >
                                      <WithStyles(ForwardRef(TableSortLabel))
                                        active={false}
                                        className="makeStyles-headLabel-4"
                                        direction="asc"
                                        onClick={[Function]}
                                      >
                                        <ForwardRef(TableSortLabel)
                                          active={false}
                                          className="makeStyles-headLabel-4"
                                          classes={
                                            Object {
                                              "active": "MuiTableSortLabel-active",
                                              "icon": "MuiTableSortLabel-icon",
                                              "iconDirectionAsc": "MuiTableSortLabel-iconDirectionAsc",
                                              "iconDirectionDesc": "MuiTableSortLabel-iconDirectionDesc",
                                              "root": "MuiTableSortLabel-root",
                                            }
                                          }
                                          direction="asc"
                                          onClick={[Function]}
                                        >
                                          <WithStyles(ForwardRef(ButtonBase))
                                            className="MuiTableSortLabel-root makeStyles-headLabel-4"
                                            component="span"
                                            disableRipple={true}
                                            onClick={[Function]}
                                          >
                                            <ForwardRef(ButtonBase)
                                              className="MuiTableSortLabel-root makeStyles-headLabel-4"
                                              classes={
                                                Object {
                                                  "disabled": "Mui-disabled",
                                                  "focusVisible": "Mui-focusVisible",
                                                  "root": "MuiButtonBase-root",
                                                }
                                              }
                                              component="span"
                                              disableRipple={true}
                                              onClick={[Function]}
                                            >
                                              <span
                                                aria-disabled={false}
                                                className="MuiButtonBase-root MuiTableSortLabel-root makeStyles-headLabel-4"
                                                onBlur={[Function]}
                                                onClick={[Function]}
                                                onDragLeave={[Function]}
                                                onFocus={[Function]}
                                                onKeyDown={[Function]}
                                                onKeyUp={[Function]}
                                                onMouseDown={[Function]}
                                                onMouseLeave={[Function]}
                                                onMouseUp={[Function]}
                                                onTouchEnd={[Function]}
                                                onTouchMove={[Function]}
                                                onTouchStart={[Function]}
                                                role="button"
                                                tabIndex={0}
                                              >
                                                CREATED ON
                                                <ForwardRef(ArrowDownwardIcon)
                                                  className="MuiTableSortLabel-icon MuiTableSortLabel-iconDirectionAsc"
                                                >
                                                  <WithStyles(ForwardRef(SvgIcon))
                                                    className="MuiTableSortLabel-icon MuiTableSortLabel-iconDirectionAsc"
                                                  >
                                                    <ForwardRef(SvgIcon)
                                                      className="MuiTableSortLabel-icon MuiTableSortLabel-iconDirectionAsc"
                                                      classes={
                                                        Object {
                                                          "colorAction": "MuiSvgIcon-colorAction",
                                                          "colorDisabled": "MuiSvgIcon-colorDisabled",
                                                          "colorError": "MuiSvgIcon-colorError",
                                                          "colorPrimary": "MuiSvgIcon-colorPrimary",
                                                          "colorSecondary": "MuiSvgIcon-colorSecondary",
                                                          "fontSizeInherit": "MuiSvgIcon-fontSizeInherit",
                                                          "fontSizeLarge": "MuiSvgIcon-fontSizeLarge",
                                                          "fontSizeSmall": "MuiSvgIcon-fontSizeSmall",
                                                          "root": "MuiSvgIcon-root",
                                                        }
                                                      }
                                                    >
                                                      <svg
                                                        aria-hidden={true}
                                                        className="MuiSvgIcon-root MuiTableSortLabel-icon MuiTableSortLabel-iconDirectionAsc"
                                                        focusable="false"
                                                        viewBox="0 0 24 24"
                                                      >
                                                        <path
                                                          d="M20 12l-1.41-1.41L13 16.17V4h-2v12.17l-5.58-5.59L4 12l8 8 8-8z"
                                                        />
                                                      </svg>
                                                    </ForwardRef(SvgIcon)>
                                                  </WithStyles(ForwardRef(SvgIcon))>
                                                </ForwardRef(ArrowDownwardIcon)>
                                              </span>
                                            </ForwardRef(ButtonBase)>
                                          </WithStyles(ForwardRef(ButtonBase))>
                                        </ForwardRef(TableSortLabel)>
                                      </WithStyles(ForwardRef(TableSortLabel))>
                                    </th>
                                  </ForwardRef(TableCell)>
                                </WithStyles(ForwardRef(TableCell))>
                              </tr>
                            </ForwardRef(TableRow)>
                          </WithStyles(ForwardRef(TableRow))>
                        </thead>
                      </ForwardRef(TableHead)>
                    </WithStyles(ForwardRef(TableHead))>
                  </EnhancedTableHead>
                  <WithStyles(ForwardRef(TableBody))>
                    <ForwardRef(TableBody)
                      classes={
                        Object {
                          "root": "MuiTableBody-root",
                        }
                      }
                    >
                      <tbody
                        className="MuiTableBody-root"
                        role={null}
                      >
                        <WithStyles(ForwardRef(TableRow))
                          className="
                          makeStyles-tableRow-1
                          makeStyles-tableRowClickable-2
                        "
                          hover={true}
                          key="1042218-0"
                          onClick={[Function]}
                          role="checkbox"
                          tabIndex={-1}
                        >
                          <ForwardRef(TableRow)
                            className="
                          makeStyles-tableRow-1
                          makeStyles-tableRowClickable-2
                        "
                            classes={
                              Object {
                                "footer": "MuiTableRow-footer",
                                "head": "MuiTableRow-head",
                                "hover": "MuiTableRow-hover",
                                "root": "MuiTableRow-root",
                                "selected": "Mui-selected",
                              }
                            }
                            hover={true}
                            onClick={[Function]}
                            role="checkbox"
                            tabIndex={-1}
                          >
                            <tr
                              className="MuiTableRow-root 
                          makeStyles-tableRow-1
                          makeStyles-tableRowClickable-2
                         MuiTableRow-hover"
                              onClick={[Function]}
                              role="checkbox"
                              tabIndex={-1}
                            >
                              <WithStyles(ForwardRef(TableCell))
                                align="left"
                                key="1042218-0-0"
                              >
                                <ForwardRef(TableCell)
                                  align="left"
                                  classes={
                                    Object {
                                      "alignCenter": "MuiTableCell-alignCenter",
                                      "alignJustify": "MuiTableCell-alignJustify",
                                      "alignLeft": "MuiTableCell-alignLeft",
                                      "alignRight": "MuiTableCell-alignRight",
                                      "body": "MuiTableCell-body",
                                      "footer": "MuiTableCell-footer",
                                      "head": "MuiTableCell-head",
                                      "paddingCheckbox": "MuiTableCell-paddingCheckbox",
                                      "paddingNone": "MuiTableCell-paddingNone",
                                      "root": "MuiTableCell-root",
                                      "sizeSmall": "MuiTableCell-sizeSmall",
                                      "stickyHeader": "MuiTableCell-stickyHeader",
                                    }
                                  }
                                >
                                  <td
                                    aria-sort={null}
                                    className="MuiTableCell-root MuiTableCell-body MuiTableCell-alignLeft"
                                  >
                                    <WithStyles(ForwardRef(Grid))
                                      container={true}
                                    >
                                      <ForwardRef(Grid)
                                        classes={
                                          Object {
                                            "align-content-xs-center": "MuiGrid-align-content-xs-center",
                                            "align-content-xs-flex-end": "MuiGrid-align-content-xs-flex-end",
                                            "align-content-xs-flex-start": "MuiGrid-align-content-xs-flex-start",
                                            "align-content-xs-space-around": "MuiGrid-align-content-xs-space-around",
                                            "align-content-xs-space-between": "MuiGrid-align-content-xs-space-between",
                                            "align-items-xs-baseline": "MuiGrid-align-items-xs-baseline",
                                            "align-items-xs-center": "MuiGrid-align-items-xs-center",
                                            "align-items-xs-flex-end": "MuiGrid-align-items-xs-flex-end",
                                            "align-items-xs-flex-start": "MuiGrid-align-items-xs-flex-start",
                                            "container": "MuiGrid-container",
                                            "direction-xs-column": "MuiGrid-direction-xs-column",
                                            "direction-xs-column-reverse": "MuiGrid-direction-xs-column-reverse",
                                            "direction-xs-row-reverse": "MuiGrid-direction-xs-row-reverse",
                                            "grid-lg-1": "MuiGrid-grid-lg-1",
                                            "grid-lg-10": "MuiGrid-grid-lg-10",
                                            "grid-lg-11": "MuiGrid-grid-lg-11",
                                            "grid-lg-12": "MuiGrid-grid-lg-12",
                                            "grid-lg-2": "MuiGrid-grid-lg-2",
                                            "grid-lg-3": "MuiGrid-grid-lg-3",
                                            "grid-lg-4": "MuiGrid-grid-lg-4",
                                            "grid-lg-5": "MuiGrid-grid-lg-5",
                                            "grid-lg-6": "MuiGrid-grid-lg-6",
                                            "grid-lg-7": "MuiGrid-grid-lg-7",
                                            "grid-lg-8": "MuiGrid-grid-lg-8",
                                            "grid-lg-9": "MuiGrid-grid-lg-9",
                                            "grid-lg-auto": "MuiGrid-grid-lg-auto",
                                            "grid-lg-true": "MuiGrid-grid-lg-true",
                                            "grid-md-1": "MuiGrid-grid-md-1",
                                            "grid-md-10": "MuiGrid-grid-md-10",
                                            "grid-md-11": "MuiGrid-grid-md-11",
                                            "grid-md-12": "MuiGrid-grid-md-12",
                                            "grid-md-2": "MuiGrid-grid-md-2",
                                            "grid-md-3": "MuiGrid-grid-md-3",
                                            "grid-md-4": "MuiGrid-grid-md-4",
                                            "grid-md-5": "MuiGrid-grid-md-5",
                                            "grid-md-6": "MuiGrid-grid-md-6",
                                            "grid-md-7": "MuiGrid-grid-md-7",
                                            "grid-md-8": "MuiGrid-grid-md-8",
                                            "grid-md-9": "MuiGrid-grid-md-9",
                                            "grid-md-auto": "MuiGrid-grid-md-auto",
                                            "grid-md-true": "MuiGrid-grid-md-true",
                                            "grid-sm-1": "MuiGrid-grid-sm-1",
                                            "grid-sm-10": "MuiGrid-grid-sm-10",
                                            "grid-sm-11": "MuiGrid-grid-sm-11",
                                            "grid-sm-12": "MuiGrid-grid-sm-12",
                                            "grid-sm-2": "MuiGrid-grid-sm-2",
                                            "grid-sm-3": "MuiGrid-grid-sm-3",
                                            "grid-sm-4": "MuiGrid-grid-sm-4",
                                            "grid-sm-5": "MuiGrid-grid-sm-5",
                                            "grid-sm-6": "MuiGrid-grid-sm-6",
                                            "grid-sm-7": "MuiGrid-grid-sm-7",
                                            "grid-sm-8": "MuiGrid-grid-sm-8",
                                            "grid-sm-9": "MuiGrid-grid-sm-9",
                                            "grid-sm-auto": "MuiGrid-grid-sm-auto",
                                            "grid-sm-true": "MuiGrid-grid-sm-true",
                                            "grid-xl-1": "MuiGrid-grid-xl-1",
                                            "grid-xl-10": "MuiGrid-grid-xl-10",
                                            "grid-xl-11": "MuiGrid-grid-xl-11",
                                            "grid-xl-12": "MuiGrid-grid-xl-12",
                                            "grid-xl-2": "MuiGrid-grid-xl-2",
                                            "grid-xl-3": "MuiGrid-grid-xl-3",
                                            "grid-xl-4": "MuiGrid-grid-xl-4",
                                            "grid-xl-5": "MuiGrid-grid-xl-5",
                                            "grid-xl-6": "MuiGrid-grid-xl-6",
                                            "grid-xl-7": "MuiGrid-grid-xl-7",
                                            "grid-xl-8": "MuiGrid-grid-xl-8",
                                            "grid-xl-9": "MuiGrid-grid-xl-9",
                                            "grid-xl-auto": "MuiGrid-grid-xl-auto",
                                            "grid-xl-true": "MuiGrid-grid-xl-true",
                                            "grid-xs-1": "MuiGrid-grid-xs-1",
                                            "grid-xs-10": "MuiGrid-grid-xs-10",
                                            "grid-xs-11": "MuiGrid-grid-xs-11",
                                            "grid-xs-12": "MuiGrid-grid-xs-12",
                                            "grid-xs-2": "MuiGrid-grid-xs-2",
                                            "grid-xs-3": "MuiGrid-grid-xs-3",
                                            "grid-xs-4": "MuiGrid-grid-xs-4",
                                            "grid-xs-5": "MuiGrid-grid-xs-5",
                                            "grid-xs-6": "MuiGrid-grid-xs-6",
                                            "grid-xs-7": "MuiGrid-grid-xs-7",
                                            "grid-xs-8": "MuiGrid-grid-xs-8",
                                            "grid-xs-9": "MuiGrid-grid-xs-9",
                                            "grid-xs-auto": "MuiGrid-grid-xs-auto",
                                            "grid-xs-true": "MuiGrid-grid-xs-true",
                                            "item": "MuiGrid-item",
                                            "justify-xs-center": "MuiGrid-justify-xs-center",
                                            "justify-xs-flex-end": "MuiGrid-justify-xs-flex-end",
                                            "justify-xs-space-around": "MuiGrid-justify-xs-space-around",
                                            "justify-xs-space-between": "MuiGrid-justify-xs-space-between",
                                            "justify-xs-space-evenly": "MuiGrid-justify-xs-space-evenly",
                                            "root": "MuiGrid-root",
                                            "spacing-xs-1": "MuiGrid-spacing-xs-1",
                                            "spacing-xs-10": "MuiGrid-spacing-xs-10",
                                            "spacing-xs-2": "MuiGrid-spacing-xs-2",
                                            "spacing-xs-3": "MuiGrid-spacing-xs-3",
                                            "spacing-xs-4": "MuiGrid-spacing-xs-4",
                                            "spacing-xs-5": "MuiGrid-spacing-xs-5",
                                            "spacing-xs-6": "MuiGrid-spacing-xs-6",
                                            "spacing-xs-7": "MuiGrid-spacing-xs-7",
                                            "spacing-xs-8": "MuiGrid-spacing-xs-8",
                                            "spacing-xs-9": "MuiGrid-spacing-xs-9",
                                            "wrap-xs-nowrap": "MuiGrid-wrap-xs-nowrap",
                                            "wrap-xs-wrap-reverse": "MuiGrid-wrap-xs-wrap-reverse",
                                            "zeroMinWidth": "MuiGrid-zeroMinWidth",
                                          }
                                        }
                                        container={true}
                                      >
                                        <div
                                          className="MuiGrid-root MuiGrid-container"
                                        >
                                          <Styled(MuiBox)
                                            mr={1}
                                          >
                                            <div
                                              className="MuiBox-root MuiBox-root-13"
                                            >
                                              <WithStyles(ForwardRef(Avatar))
                                                style={
                                                  Object {
                                                    "backgroundColor": "#FFFABB",
                                                    "borderRadius": "8px",
                                                    "color": "#FFD502",
                                                  }
                                                }
                                                variant="square"
                                              >
                                                <ForwardRef(Avatar)
                                                  classes={
                                                    Object {
                                                      "circle": "MuiAvatar-circle",
                                                      "circular": "MuiAvatar-circular",
                                                      "colorDefault": "MuiAvatar-colorDefault",
                                                      "fallback": "MuiAvatar-fallback",
                                                      "img": "MuiAvatar-img",
                                                      "root": "MuiAvatar-root",
                                                      "rounded": "MuiAvatar-rounded",
                                                      "square": "MuiAvatar-square",
                                                    }
                                                  }
                                                  style={
                                                    Object {
                                                      "backgroundColor": "#FFFABB",
                                                      "borderRadius": "8px",
                                                      "color": "#FFD502",
                                                    }
                                                  }
                                                  variant="square"
                                                >
                                                  <div
                                                    className="MuiAvatar-root MuiAvatar-square MuiAvatar-colorDefault"
                                                    style={
                                                      Object {
                                                        "backgroundColor": "#FFFABB",
                                                        "borderRadius": "8px",
                                                        "color": "#FFD502",
                                                      }
                                                    }
                                                  />
                                                </ForwardRef(Avatar)>
                                              </WithStyles(ForwardRef(Avatar))>
                                            </div>
                                          </Styled(MuiBox)>
                                          <Styled(MuiBox)>
                                            <div
                                              className="MuiBox-root MuiBox-root-14"
                                            >
                                              <small
                                                className="makeStyles-keyName-5"
                                              />
                                              <br />
                                              <small
                                                className="makeStyles-appName-6"
                                              >
                                                1042218
                                              </small>
                                            </div>
                                          </Styled(MuiBox)>
                                          <Styled(MuiBox)
                                            ml={1}
                                            pt={1}
                                          >
                                            <div
                                              className="MuiBox-root MuiBox-root-15"
                                            >
                                              <Markers
                                                row={
                                                  Object {
                                                    "app_id": 35387767,
                                                    "app_type": Object {
                                                      "name": "pubsub",
                                                      "value": 1,
                                                    },
                                                    "created": 1622091704,
                                                    "dates": Object {
                                                      "bill_by_uuid": Object {
                                                        "created": 1622091704,
                                                        "modified": null,
                                                      },
                                                      "eh_skip_pub_func_exec_for_internal_chan_msg_enabled": Object {
                                                        "created": 1622091704,
                                                        "modified": null,
                                                      },
                                                      "multiplexing": Object {
                                                        "created": 1622091703,
                                                        "modified": null,
                                                      },
                                                      "name": Object {
                                                        "created": 1622091703,
                                                        "modified": null,
                                                      },
                                                      "realtime_analytics": Object {
                                                        "created": 1622091703,
                                                        "modified": 1626181312,
                                                      },
                                                      "realtime_analytics_channel": Object {
                                                        "created": 1622091704,
                                                        "modified": null,
                                                      },
                                                      "wildcardsubscribe": Object {
                                                        "created": 1622091703,
                                                        "modified": null,
                                                      },
                                                    },
                                                    "expires": null,
                                                    "id": 1042218,
                                                    "modified": 1622091704,
                                                    "product_id": 12,
                                                    "properties": Object {
                                                      "bill_by_uuid": 1,
                                                      "eh_skip_pub_func_exec_for_internal_chan_msg_enabled": 1,
                                                      "multiplexing": 1,
                                                      "name": "deuteronomy Keyset",
                                                      "realtime_analytics": 0,
                                                      "realtime_analytics_channel": "DE7bD9bLAKSota30tPce",
                                                      "wildcardsubscribe": 1,
                                                    },
                                                    "publish_key": "pub-c-f0639103-3343-448c-87fa-64dbe803a56b",
                                                    "secret_key": "sec-c-MjlhYjhhZDItNjVkMi00OGY3LTkzN2UtNWMxMTU5MzVkZWEx",
                                                    "status": 1,
                                                    "subscribe_key": "sub-c-a18a4e86-bea8-11eb-aee1-fe487e55b6a4",
                                                  }
                                                }
                                              />
                                            </div>
                                          </Styled(MuiBox)>
                                        </div>
                                      </ForwardRef(Grid)>
                                    </WithStyles(ForwardRef(Grid))>
                                  </td>
                                </ForwardRef(TableCell)>
                              </WithStyles(ForwardRef(TableCell))>
                              <WithStyles(ForwardRef(TableCell))
                                align="left"
                                key="1042218-0-1"
                              >
                                <ForwardRef(TableCell)
                                  align="left"
                                  classes={
                                    Object {
                                      "alignCenter": "MuiTableCell-alignCenter",
                                      "alignJustify": "MuiTableCell-alignJustify",
                                      "alignLeft": "MuiTableCell-alignLeft",
                                      "alignRight": "MuiTableCell-alignRight",
                                      "body": "MuiTableCell-body",
                                      "footer": "MuiTableCell-footer",
                                      "head": "MuiTableCell-head",
                                      "paddingCheckbox": "MuiTableCell-paddingCheckbox",
                                      "paddingNone": "MuiTableCell-paddingNone",
                                      "root": "MuiTableCell-root",
                                      "sizeSmall": "MuiTableCell-sizeSmall",
                                      "stickyHeader": "MuiTableCell-stickyHeader",
                                    }
                                  }
                                >
                                  <td
                                    aria-sort={null}
                                    className="MuiTableCell-root MuiTableCell-body MuiTableCell-alignLeft"
                                  >
                                    pub-c-f0639103-3343-448c-87fa-64dbe803a56b
                                  </td>
                                </ForwardRef(TableCell)>
                              </WithStyles(ForwardRef(TableCell))>
                              <WithStyles(ForwardRef(TableCell))
                                align="left"
                                key="1042218-0-2"
                              >
                                <ForwardRef(TableCell)
                                  align="left"
                                  classes={
                                    Object {
                                      "alignCenter": "MuiTableCell-alignCenter",
                                      "alignJustify": "MuiTableCell-alignJustify",
                                      "alignLeft": "MuiTableCell-alignLeft",
                                      "alignRight": "MuiTableCell-alignRight",
                                      "body": "MuiTableCell-body",
                                      "footer": "MuiTableCell-footer",
                                      "head": "MuiTableCell-head",
                                      "paddingCheckbox": "MuiTableCell-paddingCheckbox",
                                      "paddingNone": "MuiTableCell-paddingNone",
                                      "root": "MuiTableCell-root",
                                      "sizeSmall": "MuiTableCell-sizeSmall",
                                      "stickyHeader": "MuiTableCell-stickyHeader",
                                    }
                                  }
                                >
                                  <td
                                    aria-sort={null}
                                    className="MuiTableCell-root MuiTableCell-body MuiTableCell-alignLeft"
                                  >
                                    sub-c-a18a4e86-bea8-11eb-aee1-fe487e55b6a4
                                  </td>
                                </ForwardRef(TableCell)>
                              </WithStyles(ForwardRef(TableCell))>
                              <WithStyles(ForwardRef(TableCell))
                                align="left"
                                key="1042218-0-3"
                              >
                                <ForwardRef(TableCell)
                                  align="left"
                                  classes={
                                    Object {
                                      "alignCenter": "MuiTableCell-alignCenter",
                                      "alignJustify": "MuiTableCell-alignJustify",
                                      "alignLeft": "MuiTableCell-alignLeft",
                                      "alignRight": "MuiTableCell-alignRight",
                                      "body": "MuiTableCell-body",
                                      "footer": "MuiTableCell-footer",
                                      "head": "MuiTableCell-head",
                                      "paddingCheckbox": "MuiTableCell-paddingCheckbox",
                                      "paddingNone": "MuiTableCell-paddingNone",
                                      "root": "MuiTableCell-root",
                                      "sizeSmall": "MuiTableCell-sizeSmall",
                                      "stickyHeader": "MuiTableCell-stickyHeader",
                                    }
                                  }
                                >
                                  <td
                                    aria-sort={null}
                                    className="MuiTableCell-root MuiTableCell-body MuiTableCell-alignLeft"
                                  >
                                    1622091704
                                  </td>
                                </ForwardRef(TableCell)>
                              </WithStyles(ForwardRef(TableCell))>
                            </tr>
                          </ForwardRef(TableRow)>
                        </WithStyles(ForwardRef(TableRow))>
                      </tbody>
                    </ForwardRef(TableBody)>
                  </WithStyles(ForwardRef(TableBody))>
                </table>
              </ForwardRef(Table)>
            </WithStyles(ForwardRef(Table))>
          </div>
        </ForwardRef(TableContainer)>
      </WithStyles(ForwardRef(TableContainer))>
    </div>
  </ListingTable>
</ApplicationTable>
`;
