// Jest Snapshot v1, https://goo.gl/fbAQLP

exports[`Test Cases for Add Channel Metadata Modal Snapshot 1`] = `
<div>
  <WithStyles(ForwardRef(Button))
    className="makeStyles-addChannelButton-16"
    id="addChannel"
    onClick={[Function]}
    startIcon={
      <img
        alt="add"
        src="/images/add-channel.svg"
      />
    }
  >
    <WithStyles(ForwardRef(Typography))
      className="makeStyles-addChannelButtonFont-17"
    >
      Add Channel
    </WithStyles(ForwardRef(Typography))>
  </WithStyles(ForwardRef(Button))>
  <WithStyles(ForwardRef(Dialog))
    aria-labelledby="customized-dialog-title"
    className="makeStyles-modalLayout-8"
    fullWidth={true}
    id="dialog"
    onClose={[Function]}
    open={false}
  >
    <WithStyles(ForwardRef(DialogTitle))
      disableTypography={true}
      id="customized-dialog-title"
      onClose={[Function]}
    >
      <WithStyles(ForwardRef(Typography))
        className="makeStyles-headingFont-13"
        variant="h6"
      >
        Add Channel
      </WithStyles(ForwardRef(Typography))>
    </WithStyles(ForwardRef(DialogTitle))>
    <AddChannelForm
      buttonTitle="ADD"
      channelAlert={
        Object {
          "error": Object {
            "msg": "",
            "status": false,
          },
          "loading": false,
          "success": Object {
            "msg": "",
            "status": false,
          },
        }
      }
      disabled={false}
      formik={
        Object {
          "dirty": false,
          "errors": Object {},
          "getFieldHelpers": [Function],
          "getFieldMeta": [Function],
          "getFieldProps": [Function],
          "handleBlur": [Function],
          "handleChange": [Function],
          "handleReset": [Function],
          "handleSubmit": [Function],
          "initialErrors": Object {},
          "initialStatus": undefined,
          "initialTouched": Object {},
          "initialValues": Object {
            "description": "",
            "id": "",
            "name": "",
          },
          "isSubmitting": false,
          "isValid": true,
          "isValidating": false,
          "registerField": [Function],
          "resetForm": [Function],
          "setErrors": [Function],
          "setFieldError": [Function],
          "setFieldTouched": [Function],
          "setFieldValue": [Function],
          "setFormikState": [Function],
          "setStatus": [Function],
          "setSubmitting": [Function],
          "setTouched": [Function],
          "setValues": [Function],
          "status": undefined,
          "submitCount": 0,
          "submitForm": [Function],
          "touched": Object {},
          "unregisterField": [Function],
          "validateField": [Function],
          "validateForm": [Function],
          "validateOnBlur": true,
          "validateOnChange": true,
          "validateOnMount": false,
          "values": Object {
            "description": "",
            "id": "",
            "name": "",
          },
        }
      }
      handleClose={[Function]}
      id="add"
    />
  </WithStyles(ForwardRef(Dialog))>
</div>
`;
