// Jest Snapshot v1, https://goo.gl/fbAQLP

exports[`Test Case For Chat Snapshot 1`] = `
<Fragment>
  <WithStyles(ForwardRef(TextField))
    InputProps={
      Object {
        "endAdornment": <WithStyles(ForwardRef(InputAdornment))
          position="end"
        >
          <WithStyles(ForwardRef(Button))
            onClick={[Function]}
          >
            <img
              alt="edit"
              src="/images/send-button.svg"
            />
          </WithStyles(ForwardRef(Button))>
        </WithStyles(ForwardRef(InputAdornment))>,
      }
    }
    autoComplete="off"
    disabled={true}
    fullWidth={true}
    id="message"
    name="message"
    onChange={[Function]}
    placeholder="Enter your message here"
    value=""
    variant="outlined"
  />
</Fragment>
`;
