// Jest Snapshot v1, https://goo.gl/fbAQLP

exports[`Filter User meta data Modal Snapshhot 1`] = `
<Fragment>
  <WithStyles(ForwardRef(Avatar))
    className="makeStyles-avatar-3"
    id="openDrawer"
    onClick={[Function]}
    variant="square"
  >
    <WithStyles(ForwardRef(IconButton))>
      <img
        alt="filter"
        src="/images/filter.svg"
      />
    </WithStyles(ForwardRef(IconButton))>
  </WithStyles(ForwardRef(Avatar))>
  <WithStyles(ForwardRef(Drawer))
    anchor="right"
    onClose={[Function]}
    open={false}
  >
    <div
      className="makeStyles-list-1"
    >
      <Styled(MuiBox)
        pl={3}
        pr={1}
        pt={4}
      >
        <WithStyles(ForwardRef(Grid))
          container={true}
          justify="space-between"
        >
          <WithStyles(ForwardRef(Grid))
            item={true}
          >
            <WithStyles(ForwardRef(Typography))
              className="makeStyles-title-2"
            >
              Filters
            </WithStyles(ForwardRef(Typography))>
          </WithStyles(ForwardRef(Grid))>
          <WithStyles(ForwardRef(Grid))
            item={true}
          >
            <WithStyles(ForwardRef(Button))
              id="drawer"
              onClick={[Function]}
            >
              <img
                alt="filter"
                src="/images/times.svg"
              />
            </WithStyles(ForwardRef(Button))>
          </WithStyles(ForwardRef(Grid))>
        </WithStyles(ForwardRef(Grid))>
      </Styled(MuiBox)>
      <Styled(MuiBox)
        pl={3}
        pt={4}
      >
        <WithStyles(ForwardRef(Typography))
          className="makeStyles-userType-5"
          testid="UserType"
        >
          User Type
        </WithStyles(ForwardRef(Typography))>
      </Styled(MuiBox)>
      <WithStyles(ForwardRef(List))>
        <WithStyles(ForwardRef(ListItem))
          button={true}
          onClick={[Function]}
          testid="banButton"
        >
          <WithStyles(ForwardRef(ListItemIcon))>
            <WithStyles(ForwardRef(Checkbox))
              checked={false}
              color="primary"
              id="banCheck"
              name="banned_users"
              value="ban"
            />
          </WithStyles(ForwardRef(ListItemIcon))>
          <WithStyles(ForwardRef(ListItemText))>
            <WithStyles(ForwardRef(Typography))
              className="makeStyles-listText-4"
              testid="bannedUsers"
            >
              Banned Users
            </WithStyles(ForwardRef(Typography))>
          </WithStyles(ForwardRef(ListItemText))>
        </WithStyles(ForwardRef(ListItem))>
        <WithStyles(ForwardRef(ListItem))
          button={true}
          onClick={[Function]}
          testid="flagButton"
        >
          <WithStyles(ForwardRef(ListItemIcon))>
            <WithStyles(ForwardRef(Checkbox))
              checked={false}
              color="primary"
              id="flagCheck"
              name="flagged_users"
              value="flag"
            />
          </WithStyles(ForwardRef(ListItemIcon))>
          <WithStyles(ForwardRef(ListItemText))>
            <WithStyles(ForwardRef(Typography))
              className="makeStyles-listText-4"
              testid="flaggedUsers"
            >
              Flagged Users
            </WithStyles(ForwardRef(Typography))>
          </WithStyles(ForwardRef(ListItemText))>
        </WithStyles(ForwardRef(ListItem))>
      </WithStyles(ForwardRef(List))>
    </div>
  </WithStyles(ForwardRef(Drawer))>
</Fragment>
`;
