// Jest Snapshot v1, https://goo.gl/fbAQLP

exports[`User List Test Cases User Snapshot 1`] = `
<Fragment>
  <HelmetWrapper
    defer={true}
    encodeSpecialCharacters={true}
    title="Users"
  />
  <WithStyles(ForwardRef(Grid))
    container={true}
    justify="space-between"
  >
    <WithStyles(ForwardRef(Grid))
      item={true}
      sm={4}
    >
      <Styled(MuiBox)
        pl={1}
      >
        <WithStyles(ForwardRef(Typography))
          testid="title"
          variant="h5"
        >
          Users
        </WithStyles(ForwardRef(Typography))>
      </Styled(MuiBox)>
    </WithStyles(ForwardRef(Grid))>
    <WithStyles(ForwardRef(Grid))
      item={true}
      sm={8}
    >
      <Styled(MuiBox)
        display="flex"
        justifyContent="flex-end"
      >
        <Styled(MuiBox)
          ml={2}
        >
          <Search
            cancelSearch={[Function]}
            placeholder="Search for user name"
            requestSearch={[Function]}
            searched=""
          />
        </Styled(MuiBox)>
        <Styled(MuiBox)
          ml={2}
        >
          <FilterUsers
            isFiltered={[Function]}
          />
        </Styled(MuiBox)>
        <Styled(MuiBox)
          ml={2}
        >
          <AddUserMetadataModal
            isAdded={[Function]}
          />
        </Styled(MuiBox)>
      </Styled(MuiBox)>
    </WithStyles(ForwardRef(Grid))>
  </WithStyles(ForwardRef(Grid))>
  <br />
  <WithStyles(ForwardRef(Grid))
    container={true}
    spacing={6}
  >
    <WithStyles(ForwardRef(Grid))
      item={true}
      xs={12}
    >
      <UsersTable
        data={Array []}
        deleteUser={[Function]}
        filterBy=""
        searchResult={Array []}
        setSearchableData={[Function]}
      />
    </WithStyles(ForwardRef(Grid))>
  </WithStyles(ForwardRef(Grid))>
</Fragment>
`;
