// Jest Snapshot v1, https://goo.gl/fbAQLP

exports[`This suit will test the login functionality Snapshot of the LoginForm 1`] = `
<DocumentFragment>
  <div
    class="makeStyles-root-5"
  >
    <div
      class="makeStyles-middle-6"
    >
      <div
        class="makeStyles-inner-7"
      >
        <div
          class="MuiGrid-root MuiGrid-container MuiGrid-justify-xs-center"
        >
          <div
            class="MuiGrid-root MuiGrid-item MuiGrid-grid-xs-12 MuiGrid-grid-sm-6 MuiGrid-grid-md-4"
          >
            <div
              class="makeStyles-form-1"
            >
              <div
                class="MuiGrid-root MuiGrid-container MuiGrid-justify-xs-center"
              >
                <div
                  class="MuiGrid-root MuiGrid-item MuiGrid-grid-xs-12 MuiGrid-grid-sm-12 MuiGrid-grid-md-12"
                >
                  <div
                    class="makeStyles-logIconContainer-11"
                  >
                    <span>
                      <img
                        alt="Pubnub Logo"
                        src="/images/Pubnub logo.svg"
                        width="160"
                      />
                    </span>
                  </div>
                </div>
                <div
                  class="MuiGrid-root MuiGrid-item MuiGrid-grid-xs-12 MuiGrid-grid-sm-12 MuiGrid-grid-md-12"
                >
                  <p
                    class="MuiTypography-root makeStyles-logSubtitle-8 MuiTypography-body1 MuiTypography-alignCenter"
                  >
                    Login with your PubNub account to continue
                  </p>
                </div>
              </div>
              <form>
                <div
                  class="MuiGrid-root MuiGrid-container MuiGrid-spacing-xs-3 MuiGrid-justify-xs-center"
                >
                  <div
                    class="MuiGrid-root MuiGrid-item MuiGrid-grid-xs-10 MuiGrid-grid-sm-12 MuiGrid-grid-md-10"
                  >
                    <div />
                    <br />
                    <br />
                  </div>
                  <div
                    class="MuiGrid-root MuiGrid-item MuiGrid-grid-xs-10 MuiGrid-grid-sm-12 MuiGrid-grid-md-10"
                  >
                    <div
                      class="MuiFormControl-root MuiTextField-root makeStyles-loginTextField-2 MuiFormControl-fullWidth"
                    >
                      <div
                        class="MuiInputBase-root MuiOutlinedInput-root MuiInputBase-fullWidth Mui-focused Mui-focused MuiInputBase-formControl MuiInputBase-adornedStart MuiOutlinedInput-adornedStart"
                      >
                        <div
                          class="MuiInputAdornment-root MuiInputAdornment-positionStart"
                        >
                          <svg
                            aria-hidden="true"
                            class="MuiSvgIcon-root makeStyles-textfieldIcon-3"
                            focusable="false"
                            viewBox="0 0 24 24"
                          >
                            <path
                              d="M12 5.9c1.16 0 2.1.94 2.1 2.1s-.94 2.1-2.1 2.1S9.9 9.16 9.9 8s.94-2.1 2.1-2.1m0 9c2.97 0 6.1 1.46 6.1 2.1v1.1H5.9V17c0-.64 3.13-2.1 6.1-2.1M12 4C9.79 4 8 5.79 8 8s1.79 4 4 4 4-1.79 4-4-1.79-4-4-4zm0 9c-2.67 0-8 1.34-8 4v3h16v-3c0-2.66-5.33-4-8-4z"
                            />
                          </svg>
                        </div>
                        <input
                          aria-invalid="false"
                          autocomplete="email"
                          class="MuiInputBase-input MuiOutlinedInput-input MuiInputBase-inputAdornedStart MuiOutlinedInput-inputAdornedStart"
                          name="email"
                          placeholder="E-mail address"
                          required=""
                          type="text"
                          value=""
                        />
                        <fieldset
                          aria-hidden="true"
                          class="PrivateNotchedOutline-root-14 MuiOutlinedInput-notchedOutline"
                          style="padding-left: 8px;"
                        >
                          <legend
                            class="PrivateNotchedOutline-legend-15"
                            style="width: 0.01px;"
                          >
                            <span>
                              ​
                            </span>
                          </legend>
                        </fieldset>
                      </div>
                    </div>
                  </div>
                  <div
                    class="MuiGrid-root MuiGrid-item MuiGrid-grid-xs-10 MuiGrid-grid-sm-12 MuiGrid-grid-md-10"
                  >
                    <div
                      class="MuiFormControl-root MuiTextField-root makeStyles-loginTextField-2 MuiFormControl-fullWidth"
                    >
                      <div
                        class="MuiInputBase-root MuiOutlinedInput-root MuiInputBase-fullWidth MuiInputBase-formControl MuiInputBase-adornedStart MuiOutlinedInput-adornedStart MuiInputBase-adornedEnd MuiOutlinedInput-adornedEnd"
                      >
                        <div
                          class="MuiInputAdornment-root MuiInputAdornment-positionStart"
                        >
                          <svg
                            aria-hidden="true"
                            class="MuiSvgIcon-root makeStyles-textfieldIcon-3"
                            focusable="false"
                            viewBox="0 0 24 24"
                          >
                            <path
                              d="M18 8h-1V6c0-2.76-2.24-5-5-5S7 3.24 7 6v2H6c-1.1 0-2 .9-2 2v10c0 1.1.9 2 2 2h12c1.1 0 2-.9 2-2V10c0-1.1-.9-2-2-2zM9 6c0-1.66 1.34-3 3-3s3 1.34 3 3v2H9V6zm9 14H6V10h12v10zm-6-3c1.1 0 2-.9 2-2s-.9-2-2-2-2 .9-2 2 .9 2 2 2z"
                            />
                          </svg>
                        </div>
                        <input
                          aria-invalid="false"
                          autocomplete="password"
                          class="MuiInputBase-input MuiOutlinedInput-input MuiInputBase-inputAdornedStart MuiOutlinedInput-inputAdornedStart MuiInputBase-inputAdornedEnd MuiOutlinedInput-inputAdornedEnd"
                          name="password"
                          placeholder="Password"
                          required=""
                          type="password"
                          value=""
                        />
                        <div
                          class="MuiInputAdornment-root MuiInputAdornment-positionEnd"
                        >
                          <svg
                            aria-hidden="true"
                            class="MuiSvgIcon-root makeStyles-maskPasswordIcon-4"
                            focusable="false"
                            viewBox="0 0 24 24"
                          >
                            <path
                              d="M12 4.5C7 4.5 2.73 7.61 1 12c1.73 4.39 6 7.5 11 7.5s9.27-3.11 11-7.5c-1.73-4.39-6-7.5-11-7.5zM12 17c-2.76 0-5-2.24-5-5s2.24-5 5-5 5 2.24 5 5-2.24 5-5 5zm0-8c-1.66 0-3 1.34-3 3s1.34 3 3 3 3-1.34 3-3-1.34-3-3-3z"
                            />
                          </svg>
                        </div>
                        <fieldset
                          aria-hidden="true"
                          class="PrivateNotchedOutline-root-14 MuiOutlinedInput-notchedOutline"
                          style="padding-left: 8px;"
                        >
                          <legend
                            class="PrivateNotchedOutline-legend-15"
                            style="width: 0.01px;"
                          >
                            <span>
                              ​
                            </span>
                          </legend>
                        </fieldset>
                      </div>
                    </div>
                  </div>
                </div>
                <br />
                <div
                  class="MuiGrid-root MuiGrid-container MuiGrid-justify-xs-center"
                >
                  <div
                    class="MuiGrid-root MuiGrid-item MuiGrid-grid-xs-10 MuiGrid-grid-sm-12 MuiGrid-grid-md-10"
                  >
                    <button
                      class="MuiButtonBase-root MuiButton-root MuiButton-text makeStyles-button-9 MuiButton-fullWidth"
                      tabindex="0"
                      type="submit"
                    >
                      <span
                        class="MuiButton-label"
                      >
                        LOGIN TO CONTINUE
                      </span>
                      <span
                        class="MuiTouchRipple-root"
                      />
                    </button>
                  </div>
                </div>
              </form>
            </div>
          </div>
        </div>
      </div>
    </div>
  </div>
</DocumentFragment>
`;
